server/../lib/bigint.h:35:6:bigint_create.part.0	32	static
server/rosetta-tcp-server.c:249:4:check_pubkey_exists.part.0	64	static
server/../lib/bigint.h:23:6:output_red	8	static
server/../lib/bigint.h:24:6:output_yel	8	static
server/../lib/bigint.h:25:6:output_rst	8	static
server/../lib/bigint.h:35:6:bigint_create	8	static
server/../lib/bigint.h:63:6:bigint_create_from_string	48	static
server/../lib/bigint.h:125:6:bigint_remake	32	static
server/../lib/bigint.h:135:6:bigint_get_ascii_bits	32	static
server/../lib/bigint.h:164:6:bigint_print_bits	64	static
server/../lib/bigint.h:206:6:bigint_print_bits_bigend	80	static
server/../lib/bigint.h:257:6:bitstring_switch_endian	32	static
server/../lib/bigint.h:271:6:bigint_print_all_bits	32	static
server/../lib/bigint.h:285:6:bigint_print_info	16	static
server/../lib/bigint.h:306:5:get_used_bits	16	static
server/../lib/bigint.h:325:9:get_BIGINT_from_DAT	64	static
server/../lib/bigint.h:374:6:save_BIGINT_to_DAT	48	static
server/../lib/bigint.h:404:6:bigint_nullify	16	static
server/../lib/bigint.h:414:6:bigint_XOR2	32	static
server/../lib/bigint.h:442:6:bigint_AND2	32	static
server/../lib/bigint.h:470:6:bigint_SHIFT_L_by_X	32	static
server/../lib/bigint.h:502:6:bigint_SHIFT_R_by_X	32	static
server/../lib/bigint.h:539:4:bigint_compare2	16	static
server/../lib/bigint.h:586:6:bigint_equate2	32	static
server/../lib/bigint.h:627:6:bigint_add_fast	64	static
server/../lib/bigint.h:740:6:bigint_mul_fast	112	static
server/../lib/bigint.h:840:6:bigint_pow	672	static
server/../lib/bigint.h:935:6:bigint_sub2	320	static
server/../lib/bigint.h:1059:6:bigint_div2	880	dynamic
server/../lib/bigint.h:1271:6:bigint_mod_mul	336	static
server/../lib/bigint.h:1323:6:bigint_mod_pow	592	static
server/../lib/bigint.h:1464:4:Rabin_Miller	944	static
server/../lib/cryptolib.h:82:6:uint32_roll_left	16	static
server/../lib/cryptolib.h:128:6:uint64_roll_right	16	static
server/../lib/cryptolib.h:138:6:CHACHA_QROUND	16	static
server/../lib/cryptolib.h:158:6:CHACHA_INNER	16	static
server/../lib/cryptolib.h:180:6:CHACHA_BLOCK_FUNC	336	static
server/../lib/cryptolib.h:249:6:CHACHA20	160	dynamic,bounded
server/../lib/cryptolib.h:350:6:BLAKE2B_G	16	static
server/../lib/cryptolib.h:371:6:BLAKE2B_F	496	dynamic,bounded
server/../lib/cryptolib.h:423:6:BLAKE2B	256	static
server/../lib/cryptolib.h:478:6:BLAKE2B_INIT	96	static
server/../lib/cryptolib.h:534:6:Argon2_GB	16	static
server/../lib/cryptolib.h:582:6:Argon2_P	368	static
server/../lib/cryptolib.h:615:6:Argon2_G	4736	static
server/../lib/cryptolib.h:686:6:Argon2_H_dash	96	static
server/../lib/cryptolib.h:742:6:argon2_initJ1J2_blockpool_for2i	4720	static
server/../lib/cryptolib.h:853:7:argon2_transform_segment	1456	static
server/../lib/cryptolib.h:790:10:Argon2_getLZ	8	static
server/../lib/cryptolib.h:1058:6:Argon2_MAIN	1664	static
server/../lib/cryptolib.h:1423:6:Montgomery_MUL	432	static
server/../lib/cryptolib.h:1559:6:Get_Mont_Form	496	static
server/../lib/cryptolib.h:1614:6:MONT_POW_modM	464	static
server/../lib/cryptolib.h:1672:6:Signature_GENERATE	1280	static
server/../lib/cryptolib.h:1819:9:Signature_VALIDATE	736	static
server/../lib/coreutil.h:4:6:gen_priv_key	48	static
server/../lib/coreutil.h:38:16:gen_pub_key	208	static
server/../lib/coreutil.h:117:6:check_pubkey_form	400	static
server/rosetta-tcp-server.c:136:5:self_init	32	static
server/rosetta-tcp-server.c:249:4:check_pubkey_exists	16	static
server/rosetta-tcp-server.c:273:6:add_pending_msg	80	static
server/rosetta-tcp-server.c:312:6:remove_user_from_room	112	dynamic,bounded
server/rosetta-tcp-server.c:433:4:authenticate_client	96	dynamic,bounded
server/server-packet-functions.h:12:6:process_msg_00	640	dynamic,bounded
server/server-packet-functions.h:302:6:process_msg_01	2080	dynamic
server/server-packet-functions.h:825:6:process_msg_10	784	dynamic,bounded
server/server-packet-functions.h:1082:6:process_msg_20	2528	dynamic
server/server-packet-functions.h:1651:6:process_msg_30	224	dynamic,bounded
server/server-packet-functions.h:1745:6:process_msg_40	112	dynamic,bounded
server/server-packet-functions.h:1893:6:process_msg_50	16	static
server/server-packet-functions.h:1914:6:process_msg_60	16	static
server/rosetta-tcp-server.c:511:5:identify_new_transmission	160	static
server/rosetta-tcp-server.c:883:7:start_new_client_thread	80	static
server/rosetta-tcp-server.c:744:6:remove_user	48	static
server/rosetta-tcp-server.c:801:7:check_for_lost_connections	64	static
server/rosetta-tcp-server.c:946:5:main	144	static
server/rosetta-tcp-server.c:1031:1:_sub_D_00099_0	8	static
server/rosetta-tcp-server.c:1031:1:_sub_I_00099_1	16	static
