/usr/local/include/wx-3.2/wx/thread.h:622:18:virtual void wxThread::OnDelete()	8	static
/usr/local/include/wx-3.2/wx/thread.h:626:18:virtual void wxThread::OnKill()	8	static
/usr/local/include/wx-3.2/wx/thread.h:631:18:virtual void wxThread::OnExit()	8	static
/usr/local/include/wx-3.2/wx/event.h:281:27:virtual wxEvtHandler* wxObjectEventFunctor::GetEvtHandler() const	16	static
/usr/local/include/wx-3.2/wx/event.h:284:29:virtual void (wxEvtHandler::* wxObjectEventFunctor::GetEvtMethod() const)(wxEvent&)	16	static
/usr/local/include/wx-3.2/wx/event.h:3713:18:virtual void wxEvtHandler::AddPendingEvent(const wxEvent&)	32	static
/usr/local/include/wx-3.2/wx/event.h:4033:18:virtual bool wxEvtHandler::OnDynamicBind(wxDynamicEventTableEntry&)	8	static
/usr/local/include/wx-3.2/wx/event.h:4109:13:virtual void wxObjectEventFunctor::operator()(wxEvtHandler*, wxEvent&)	16	static
/usr/local/include/wx-3.2/wx/window.h:242:18:virtual void wxWindowBase::SetId(wxWindowID)	16	static
/usr/local/include/wx-3.2/wx/window.h:450:18:virtual void wxWindowBase::SetSizeHints(int, int, int, int, int, int)	16	static
/usr/local/include/wx-3.2/wx/window.h:477:18:virtual void wxWindowBase::SetMinClientSize(const wxSize&)	144	static
/usr/local/include/wx-3.2/wx/window.h:479:18:virtual void wxWindowBase::SetMaxClientSize(const wxSize&)	144	static
/usr/local/include/wx-3.2/wx/window.h:485:20:virtual wxSize wxWindowBase::GetMinSize() const	96	static
/usr/local/include/wx-3.2/wx/window.h:486:20:virtual wxSize wxWindowBase::GetMaxSize() const	96	static
/usr/local/include/wx-3.2/wx/window.h:590:18:virtual bool wxWindowBase::BeginRepositioningChildren()	8	static
/usr/local/include/wx-3.2/wx/window.h:591:18:virtual void wxWindowBase::EndRepositioningChildren()	8	static
/usr/local/include/wx-3.2/wx/window.h:634:18:virtual bool wxWindowBase::ShowWithEffect(wxShowEffect, unsigned int)	16	static
/usr/local/include/wx-3.2/wx/window.h:640:18:virtual bool wxWindowBase::HideWithEffect(wxShowEffect, unsigned int)	16	static
/usr/local/include/wx-3.2/wx/window.h:665:18:virtual bool wxWindowBase::IsThisEnabled() const	16	static
/usr/local/include/wx-3.2/wx/window.h:674:18:virtual long int wxWindowBase::GetWindowStyleFlag() const	16	static
/usr/local/include/wx-3.2/wx/window.h:690:18:virtual void wxWindowBase::SetExtraStyle(long int)	16	static
/usr/local/include/wx-3.2/wx/window.h:703:18:virtual void wxWindowBase::SetThemeEnabled(bool)	16	static
/usr/local/include/wx-3.2/wx/window.h:704:18:virtual bool wxWindowBase::GetThemeEnabled() const	16	static
/usr/local/include/wx-3.2/wx/window.h:714:18:virtual void wxWindowBase::SetFocusFromKbd()	16	static
/usr/local/include/wx-3.2/wx/window.h:733:18:virtual bool wxWindowBase::AcceptsFocus() const	8	static
/usr/local/include/wx-3.2/wx/window.h:739:18:virtual bool wxWindowBase::AcceptsFocusRecursively() const	16	static
/usr/local/include/wx-3.2/wx/window.h:744:18:virtual bool wxWindowBase::AcceptsFocusFromKeyboard() const	16	static
/usr/local/include/wx-3.2/wx/window.h:778:18:virtual void wxWindowBase::EnableVisibleFocus(bool)	8	static
/usr/local/include/wx-3.2/wx/window.h:936:26:virtual wxValidator* wxWindowBase::GetValidator()	16	static
/usr/local/include/wx-3.2/wx/window.h:982:18:virtual void wxWindowBase::WXAdjustFontToOwnPPI(wxFont&) const	8	static
/usr/local/include/wx-3.2/wx/window.h:1167:18:virtual void wxWindowBase::PrepareDC(wxDC&)	8	static
/usr/local/include/wx-3.2/wx/window.h:1263:18:virtual bool wxWindowBase::HasTransparentBackground()	8	static
/usr/local/include/wx-3.2/wx/window.h:1383:18:virtual bool wxWindowBase::HasMultiplePages() const	8	static
/usr/local/include/wx-3.2/wx/window.h:1424:18:virtual void wxWindowBase::AlwaysShowScrollbars(bool, bool)	8	static
/usr/local/include/wx-3.2/wx/window.h:1431:18:virtual bool wxWindowBase::IsScrollbarAlwaysShown(int) const	8	static
/usr/local/include/wx-3.2/wx/window.h:1505:27:virtual wxDropTarget* wxWindowBase::GetDropTarget() const	16	static
/usr/local/include/wx-3.2/wx/window.h:1632:18:virtual void wxWindowBase::AssociateHandle(WXWidget)	8	static
/usr/local/include/wx-3.2/wx/window.h:1634:18:virtual void wxWindowBase::DissociateHandle()	8	static
/usr/local/include/wx-3.2/wx/window.h:1662:18:virtual bool wxWindowBase::ShouldInheritColours() const	8	static
/usr/local/include/wx-3.2/wx/window.h:1666:18:virtual bool wxWindowBase::CanBeOutsideClientArea() const	8	static
/usr/local/include/wx-3.2/wx/window.h:1670:18:virtual bool wxWindowBase::CanApplyThemeBorder() const	8	static
/usr/local/include/wx-3.2/wx/window.h:1675:23:virtual wxWindow* wxWindowBase::GetMainWindowOfCompositeControl()	8	static
/usr/local/include/wx-3.2/wx/window.h:1697:32:virtual const wxTextEntry* wxWindowBase::WXGetTextEntry() const	8	static
/usr/local/include/wx-3.2/wx/window.h:1871:22:virtual wxBorder wxWindowBase::GetDefaultBorderForControl() const	8	static
/usr/local/include/wx-3.2/wx/window.h:1935:20:virtual wxSize wxWindowBase::DoGetBestClientSize() const	16	static
/usr/local/include/wx-3.2/wx/window.h:1940:17:virtual int wxWindowBase::DoGetBestClientHeight(int) const	8	static
/usr/local/include/wx-3.2/wx/window.h:1942:17:virtual int wxWindowBase::DoGetBestClientWidth(int) const	8	static
/usr/local/include/wx-3.2/wx/gtk/window.h:141:22:virtual GtkWidget* wxWindow::GetHandle() const	16	static
/usr/local/include/wx-3.2/wx/gtk/window.h:225:18:virtual bool wxWindow::GTKNeedsToFilterSameWindowFocus() const	8	static
/usr/local/include/wx-3.2/wx/gtk/window.h:263:18:virtual bool wxWindow::GTKIsTransparentForMouse() const	8	static
/usr/local/include/wx-3.2/wx/gtk/window.h:473:18:virtual bool wxWindow::GTKNeedsParent() const	16	static
/usr/local/include/wx-3.2/wx/nonownedwnd.h:64:18:virtual void wxNonOwnedWindowBase::AdjustForParentClientOrigin(int&, int&, int) const	8	static
/usr/local/include/wx-3.2/wx/nonownedwnd.h:71:18:virtual void wxNonOwnedWindowBase::InheritAttributes()	8	static
/usr/local/include/wx-3.2/wx/toplevel.h:174:18:virtual bool wxTopLevelWindowBase::EnableFullScreenView(bool, long int)	8	static
/usr/local/include/wx-3.2/wx/toplevel.h:192:33:virtual wxContentProtection wxTopLevelWindowBase::GetContentProtection() const	8	static
/usr/local/include/wx-3.2/wx/toplevel.h:194:18:virtual bool wxTopLevelWindowBase::SetContentProtection(wxContentProtection)	8	static
/usr/local/include/wx-3.2/wx/toplevel.h:204:18:virtual bool wxTopLevelWindowBase::EnableMaximizeButton(bool)	8	static
/usr/local/include/wx-3.2/wx/toplevel.h:205:18:virtual bool wxTopLevelWindowBase::EnableMinimizeButton(bool)	8	static
/usr/local/include/wx-3.2/wx/toplevel.h:221:18:virtual bool wxTopLevelWindowBase::ShouldPreventAppExit() const	8	static
/usr/local/include/wx-3.2/wx/toplevel.h:288:18:virtual bool wxTopLevelWindowBase::IsTopLevel() const	8	static
/usr/local/include/wx-3.2/wx/toplevel.h:290:18:virtual bool wxTopLevelWindowBase::IsVisible() const	16	static
/usr/local/include/wx-3.2/wx/toplevel.h:314:18:virtual void wxTopLevelWindowBase::OSXSetModified(bool)	16	static
/usr/local/include/wx-3.2/wx/toplevel.h:315:18:virtual bool wxTopLevelWindowBase::OSXIsModified() const	16	static
/usr/local/include/wx-3.2/wx/toplevel.h:317:18:virtual void wxTopLevelWindowBase::SetRepresentedFilename(const wxString&)	8	static
/usr/local/include/wx-3.2/wx/toplevel.h:330:18:virtual void wxTopLevelWindowBase::DoGetScreenPosition(int*, int*) const	16	static
/usr/local/include/wx-3.2/wx/gtk/toplevel.h:59:18:virtual bool wxTopLevelWindowGTK::IsFullScreen() const	16	static
/usr/local/include/wx-3.2/wx/gtk/toplevel.h:74:18:virtual void wxTopLevelWindowGTK::SetLabel(const wxString&)	16	static
/usr/local/include/wx-3.2/wx/gtk/toplevel.h:75:22:virtual wxString wxTopLevelWindowGTK::GetLabel() const	16	static
/usr/local/include/wx-3.2/wx/frame.h:85:24:virtual wxMenuBar* wxFrameBase::GetMenuBar() const	16	static
/usr/local/include/wx-3.2/wx/frame.h:119:26:virtual wxStatusBar* wxFrameBase::GetStatusBar() const	16	static
/usr/local/include/wx-3.2/wx/frame.h:149:24:virtual wxToolBar* wxFrameBase::GetToolBar() const	16	static
/usr/local/include/wx-3.2/wx/frame.h:182:18:virtual bool wxFrameBase::IsClientAreaChild(const wxWindow*) const	16	static
/usr/local/include/wx-3.2/wx/frame.h:200:18:virtual void wxFrameBase::PositionMenuBar()	8	static
/usr/local/include/wx-3.2/wx/frame.h:230:18:virtual void wxFrameBase::PositionStatusBar()	8	static
/usr/local/include/wx-3.2/wx/frame.h:246:18:virtual void wxFrameBase::PositionToolBar()	8	static
/usr/local/include/wx-3.2/wx/gtk/frame.h:51:13:virtual wxPoint wxFrame::GetClientAreaOrigin() const	96	static
/usr/local/include/wx-3.2/wx/textctrl.h:812:18:virtual void wxTextCtrlBase::SetValue(const wxString&)	16	static
/usr/local/include/wx-3.2/wx/mdi.h:67:30:virtual wxMDIChildFrame* wxMDIParentFrameBase::GetActiveChild() const	16	static
/usr/local/include/wx-3.2/wx/mdi.h:69:18:virtual void wxMDIParentFrameBase::SetActiveChild(wxMDIChildFrame*)	16	static
/usr/local/include/wx-3.2/wx/mdi.h:88:18:virtual void wxMDIParentFrameBase::SetWindowMenu(wxMenu*)	32	static
/usr/local/include/wx-3.2/wx/mdi.h:102:18:virtual void wxMDIParentFrameBase::Cascade()	8	static
/usr/local/include/wx-3.2/wx/mdi.h:103:18:virtual void wxMDIParentFrameBase::Tile(wxOrientation)	8	static
/usr/local/include/wx-3.2/wx/mdi.h:104:18:virtual void wxMDIParentFrameBase::ArrangeIcons()	8	static
client/GUI_Code/cMain.cpp:9:1:virtual const wxEventTable* cMain::GetEventTable() const	8	static
client/GUI_Code/cMain.cpp:9:1:virtual wxEventHashTable& cMain::GetEventHashTable() const	8	static
client/GUI_Code/cMain.cpp:234:6:void cMain::BtnClickLogin(wxCommandEvent&)	32	static
client/GUI_Code/cMain.cpp:325:6:void cMain::BtnClickRegister(wxCommandEvent&)	32	static
/usr/local/include/wx-3.2/wx/event.h:454:27:wxEvtHandler* wxEventFunctorMethod<EventTag, Class, EventArg, EventHandler>::GetEvtHandler() const [with EventTag = wxEventTypeTag<wxCommandEvent>; Class = wxEvtHandler; EventArg = wxEvent; EventHandler = wxEvtHandler]	16	static
/usr/local/include/wx-3.2/wx/event.h:457:29:void (wxEvtHandler::* wxEventFunctorMethod<EventTag, Class, EventArg, EventHandler>::GetEvtMethod() const)(wxEvent&) [with EventTag = wxEventTypeTag<wxCommandEvent>; Class = wxEvtHandler; EventArg = wxEvent; EventHandler = wxEvtHandler]	16	static
client/GUI_Code/cMain.cpp:229:1:cMain::~cMain()	16	static
client/GUI_Code/cMain.cpp:229:1:virtual cMain::~cMain()	16	static
/usr/local/include/wx-3.2/wx/window.h:1127:18:virtual bool wxWindowBase::HasCapture() const	16	static
/usr/local/include/wx-3.2/wx/window.h:955:18:virtual void wxWindowBase::SetAcceleratorTable(const wxAcceleratorTable&)	8	static
/usr/local/include/wx-3.2/wx/window.h:757:18:virtual bool wxWindowBase::CanBeFocused() const	16	static
/usr/local/include/wx-3.2/wx/window.h:531:20:virtual wxSize wxWindowBase::GetBestVirtualSize() const	208	static
/usr/local/include/wx-3.2/wx/window.h:217:18:virtual void wxWindowBase::SetName(const wxString&)	8	static
/usr/local/include/wx-3.2/wx/mdi.h:392:27:virtual wxMDIClientWindow* wxMDIParentFrameBase::OnCreateClient()	32	static
/usr/local/include/wx-3.2/wx/event.h:258:7:wxObjectEventFunctor::~wxObjectEventFunctor()	16	static
/usr/local/include/wx-3.2/wx/event.h:258:7:virtual wxObjectEventFunctor::~wxObjectEventFunctor()	16	static
/usr/local/include/wx-3.2/wx/event.h:392:7:wxEventFunctorMethod<wxEventTypeTag<wxCommandEvent>, wxEvtHandler, wxEvent, wxEvtHandler>::~wxEventFunctorMethod()	16	static
/usr/local/include/wx-3.2/wx/event.h:392:7:virtual wxEventFunctorMethod<wxEventTypeTag<wxCommandEvent>, wxEvtHandler, wxEvent, wxEvtHandler>::~wxEventFunctorMethod()	16	static
/usr/local/include/wx-3.2/wx/thread.h:761:14:virtual void* wxThreadHelperThread::Entry()	144	static
/usr/local/include/wx-3.2/wx/thread.h:658:7:wxThreadHelperThread::~wxThreadHelperThread()	16	static
/usr/local/include/wx-3.2/wx/thread.h:658:7:virtual wxThreadHelperThread::~wxThreadHelperThread()	16	static
/usr/local/include/wx-3.2/wx/event.h:267:18:virtual bool wxObjectEventFunctor::IsMatching(const wxEventFunctor&) const	176	static
client/GUI_Code/../Network_Code/../../lib/bigint.h:35:6:0(bigint*, uint32_t, uint32_t)	32	static
/usr/local/include/wx-3.2/wx/event.h:422:18:void wxEventFunctorMethod<EventTag, Class, EventArg, EventHandler>::operator()(wxEvtHandler*, wxEvent&) [with EventTag = wxEventTypeTag<wxCommandEvent>; Class = wxEvtHandler; EventArg = wxEvent; EventHandler = wxEvtHandler]	16	static
/usr/local/include/wx-3.2/wx/event.h:439:18:bool wxEventFunctorMethod<EventTag, Class, EventArg, EventHandler>::IsMatching(const wxEventFunctor&) const [with EventTag = wxEventTypeTag<wxCommandEvent>; Class = wxEvtHandler; EventArg = wxEvent; EventHandler = wxEvtHandler]	176	static
/usr/local/include/wx-3.2/wx/mdi.h:397:13:virtual bool wxMDIParentFrameBase::TryBefore(wxEvent&)	32	static
/usr/local/include/wx-3.2/wx/window.h:489:20:virtual wxSize wxWindowBase::GetMinClientSize() const	160	static
/usr/local/include/wx-3.2/wx/window.h:491:20:virtual wxSize wxWindowBase::GetMaxClientSize() const	160	static
client/GUI_Code/cMain.cpp:9:1:void __tcf_0(void*)	32	static
/usr/include/c++/12/bits/basic_string.tcc:217:7:void std::__cxx11::basic_string<_CharT, _Traits, _Alloc>::_M_construct(_InIterator, _InIterator, std::forward_iterator_tag) [with _FwdIterator = const wchar_t*; _CharT = wchar_t; _Traits = std::char_traits<wchar_t>; _Alloc = std::allocator<wchar_t>]	192	static
/usr/local/include/wx-3.2/wx/gtk/toplevel.h:72:22:virtual wxString wxTopLevelWindowGTK::GetTitle() const	240	static
/usr/local/include/wx-3.2/wx/window.h:218:22:virtual wxString wxWindowBase::GetName() const	240	static
/usr/local/include/wx-3.2/wx/string.h:301:24:wxString::~wxString()	16	static
/usr/local/include/wx-3.2/wx/event.h:3471:5:wxEventTableEntryBase::wxEventTableEntryBase(int, int, wxEventFunctor*, wxObject*)	16	static
/usr/local/include/wx-3.2/wx/gtk/anybutton.h:17:24:wxAnyButton::~wxAnyButton()	32	static
/usr/local/include/wx-3.2/wx/gtk/anybutton.h:17:24:virtual wxAnyButton::~wxAnyButton()	32	static
/usr/local/include/wx-3.2/wx/textctrl.h:812:18:virtual void wxTextCtrlBase::_ZThn1384_N14wxTextCtrlBase8SetValueERK8wxString(const wxString&)	16	static
/usr/local/include/wx-3.2/wx/textctrl.h:812:18:virtual void wxTextCtrlBase::_ZThn776_N14wxTextCtrlBase8SetValueERK8wxString(const wxString&)	16	static
client/GUI_Code/../Network_Code/../../lib/bigint.h:23:6:void output_red()	8	static
client/GUI_Code/../Network_Code/../../lib/bigint.h:24:6:void output_yel()	8	static
client/GUI_Code/../Network_Code/../../lib/bigint.h:25:6:void output_rst()	8	static
client/GUI_Code/../Network_Code/../../lib/bigint.h:35:6:void bigint_create(bigint*, uint32_t, uint32_t)	8	static
client/GUI_Code/../Network_Code/../../lib/bigint.h:63:6:void bigint_create_from_string(bigint*, uint32_t, const char*, uint32_t)	48	static
client/GUI_Code/../Network_Code/../../lib/bigint.h:125:6:void bigint_remake(bigint*, uint32_t, uint32_t)	32	static
client/GUI_Code/../Network_Code/../../lib/bigint.h:135:6:void bigint_get_ascii_bits(const bigint*, char*)	32	static
client/GUI_Code/../Network_Code/../../lib/bigint.h:164:6:void bigint_print_bits(const bigint*)	64	static
client/GUI_Code/../Network_Code/../../lib/bigint.h:206:6:void bigint_print_bits_bigend(const bigint*)	80	static
client/GUI_Code/../Network_Code/../../lib/bigint.h:257:6:void bitstring_switch_endian(const char*, uint32_t, char*)	32	static
client/GUI_Code/../Network_Code/../../lib/bigint.h:271:6:void bigint_print_all_bits(bigint*)	32	static
client/GUI_Code/../Network_Code/../../lib/bigint.h:285:6:void bigint_print_info(const bigint*)	16	static
client/GUI_Code/../Network_Code/../../lib/bigint.h:306:5:uint32_t get_used_bits(const uint8_t*, uint32_t)	16	static
client/GUI_Code/../Network_Code/../../lib/bigint.h:325:9:bigint* get_BIGINT_from_DAT(uint32_t, const char*, uint32_t, uint32_t)	64	static
client/GUI_Code/../Network_Code/../../lib/bigint.h:374:6:void save_BIGINT_to_DAT(const char*, const bigint*)	48	static
client/GUI_Code/../Network_Code/../../lib/bigint.h:404:6:void bigint_nullify(bigint*)	16	static
client/GUI_Code/../Network_Code/../../lib/bigint.h:414:6:void bigint_XOR2(const bigint*, const bigint*, bigint*)	32	static
client/GUI_Code/../Network_Code/../../lib/bigint.h:442:6:void bigint_AND2(const bigint*, const bigint*, bigint*)	32	static
client/GUI_Code/../Network_Code/../../lib/bigint.h:470:6:void bigint_SHIFT_L_by_X(bigint*, uint32_t)	32	static
client/GUI_Code/../Network_Code/../../lib/bigint.h:502:6:void bigint_SHIFT_R_by_X(bigint*, uint32_t)	32	static
client/GUI_Code/../Network_Code/../../lib/bigint.h:539:4:uint8_t bigint_compare2(const bigint*, const bigint*)	16	static
client/GUI_Code/../Network_Code/../../lib/bigint.h:586:6:void bigint_equate2(bigint*, const bigint*)	32	static
client/GUI_Code/../Network_Code/../../lib/bigint.h:627:6:void bigint_add_fast(const bigint*, const bigint*, bigint*)	64	static
client/GUI_Code/../Network_Code/../../lib/bigint.h:740:6:void bigint_mul_fast(const bigint*, const bigint*, bigint*)	112	static
client/GUI_Code/../Network_Code/../../lib/bigint.h:840:6:void bigint_pow(const bigint*, const bigint*, bigint*)	672	static
client/GUI_Code/../Network_Code/../../lib/bigint.h:935:6:void bigint_sub2(const bigint*, const bigint*, bigint*)	320	static
client/GUI_Code/../Network_Code/../../lib/bigint.h:1059:6:void bigint_div2(const bigint*, const bigint*, bigint*, bigint*)	816	static
client/GUI_Code/../Network_Code/../../lib/bigint.h:1271:6:void bigint_mod_mul(bigint**, const bigint*, uint32_t, bigint*)	336	static
client/GUI_Code/../Network_Code/../../lib/bigint.h:1323:6:void bigint_mod_pow(const bigint*, const bigint*, const bigint*, bigint*)	592	static
client/GUI_Code/../Network_Code/../../lib/bigint.h:1464:4:uint8_t Rabin_Miller(const bigint*, uint32_t)	944	static
client/GUI_Code/../Network_Code/../../lib/cryptolib.h:82:6:void uint32_roll_left(uint32_t*, uint32_t)	16	static
client/GUI_Code/../Network_Code/../../lib/cryptolib.h:128:6:void uint64_roll_right(uint64_t*, uint32_t)	16	static
client/GUI_Code/../Network_Code/../../lib/cryptolib.h:138:6:void CHACHA_QROUND(uint32_t*, uint8_t, uint8_t, uint8_t, uint8_t)	16	static
client/GUI_Code/../Network_Code/../../lib/cryptolib.h:158:6:void CHACHA_INNER(uint32_t*)	16	static
client/GUI_Code/../Network_Code/../../lib/cryptolib.h:180:6:void CHACHA_BLOCK_FUNC(uint32_t*, uint8_t, uint32_t*, uint8_t, uint32_t*, uint8_t, uint32_t*)	336	static
client/GUI_Code/../Network_Code/../../lib/cryptolib.h:249:6:void CHACHA20(uint8_t*, uint32_t, uint32_t*, uint8_t, uint32_t*, uint8_t, uint8_t*)	160	dynamic,bounded
client/GUI_Code/../Network_Code/../../lib/cryptolib.h:338:6:void BLAKE2B_G(uint64_t*, uint64_t, uint64_t, uint64_t, uint64_t, uint64_t, uint64_t)	16	static
client/GUI_Code/../Network_Code/../../lib/cryptolib.h:359:6:void BLAKE2B_F(uint64_t*, uint64_t*, uint64_t, uint8_t)	496	dynamic,bounded
client/GUI_Code/../Network_Code/../../lib/cryptolib.h:411:6:void BLAKE2B(uint64_t**, uint64_t, uint64_t, uint64_t, uint64_t, uint8_t*)	256	static
client/GUI_Code/../Network_Code/../../lib/cryptolib.h:466:6:void BLAKE2B_INIT(uint8_t*, uint64_t, uint64_t, uint64_t, uint8_t*)	96	static
client/GUI_Code/../Network_Code/../../lib/cryptolib.h:522:6:void Argon2_GB(uint64_t*, uint64_t*, uint64_t*, uint64_t*)	16	static
client/GUI_Code/../Network_Code/../../lib/cryptolib.h:570:6:void Argon2_P(uint8_t*)	368	static
client/GUI_Code/../Network_Code/../../lib/cryptolib.h:603:6:void Argon2_G(uint8_t*, uint8_t*, uint8_t*)	4736	static
client/GUI_Code/../Network_Code/../../lib/cryptolib.h:674:6:void Argon2_H_dash(uint8_t*, uint8_t*, uint32_t, uint64_t)	96	static
client/GUI_Code/../Network_Code/../../lib/cryptolib.h:730:6:void argon2_initJ1J2_blockpool_for2i(uint8_t*, block_t*, uint64_t)	4720	static
client/GUI_Code/../Network_Code/../../lib/cryptolib.h:841:7:void* argon2_transform_segment(void*)	1472	static
client/GUI_Code/../Network_Code/../../lib/cryptolib.h:778:10:uint64_t Argon2_getLZ(uint64_t, uint64_t, uint64_t, uint64_t, uint32_t, uint32_t, uint64_t, uint64_t, uint64_t)	8	static
client/GUI_Code/../Network_Code/../../lib/cryptolib.h:1046:6:void Argon2_MAIN(Argon2_parms*, uint8_t*)	1648	static
client/GUI_Code/../Network_Code/../../lib/cryptolib.h:1411:6:void Montgomery_MUL(bigint*, bigint*, bigint*, bigint*)	432	static
client/GUI_Code/../Network_Code/../../lib/cryptolib.h:1547:6:void Get_Mont_Form(bigint*, bigint*, bigint*)	496	static
client/GUI_Code/../Network_Code/../../lib/cryptolib.h:1602:6:void MONT_POW_modM(bigint*, bigint*, bigint*, bigint*)	464	static
client/GUI_Code/../Network_Code/../../lib/cryptolib.h:1660:6:void Signature_GENERATE(bigint*, bigint*, bigint*, uint8_t*, uint64_t, uint8_t*, bigint*, uint64_t)	1264	static
client/GUI_Code/../Network_Code/../../lib/cryptolib.h:1807:9:uint8_t Signature_VALIDATE(bigint*, bigint*, bigint*, bigint*, bigint*, bigint*, uint8_t*, uint32_t)	720	static
client/GUI_Code/../Network_Code/../../lib/coreutil.h:4:6:void gen_priv_key(uint32_t, uint8_t*)	48	static
client/GUI_Code/../Network_Code/../../lib/coreutil.h:35:16:bigint* gen_pub_key(uint32_t, const char*, uint32_t)	208	static
client/GUI_Code/../Network_Code/../../lib/coreutil.h:114:6:bool check_pubkey_form(bigint*, bigint*, bigint*)	400	static
client/GUI_Code/../Network_Code/TCP_client.h:130:4:uint8_t authenticate_server(uint8_t*, uint64_t, uint64_t)	96	dynamic,bounded
client/GUI_Code/../Network_Code/TCP_client.h:184:4:uint8_t self_init(uint8_t*, int)	1392	dynamic,bounded
client/GUI_Code/../Network_Code/TCP_client.h:538:6:void release_handshake_memory_region()	16	static
client/GUI_Code/../Network_Code/TCP_client.h:579:4:uint8_t construct_msg_00()	656	static
client/GUI_Code/../Network_Code/TCP_client.h:668:4:uint8_t process_msg_00(uint8_t*)	2544	dynamic,bounded
client/GUI_Code/../Network_Code/TCP_client.h:989:4:uint8_t process_msg_01(uint8_t*)	48	dynamic,bounded
client/GUI_Code/../Network_Code/TCP_client.h:1056:4:uint8_t process_msg_02(uint8_t*)	16	static
client/GUI_Code/../Network_Code/TCP_client.h:1087:4:uint8_t construct_msg_10(unsigned char*, unsigned char*)	640	dynamic,bounded
client/GUI_Code/../Network_Code/TCP_client.h:1235:4:uint8_t process_msg_11(uint8_t*)	16	static
client/GUI_Code/../Network_Code/TCP_client.h:1269:4:uint8_t process_msg_10(uint8_t*)	16	static
client/GUI_Code/../Network_Code/TCP_client.h:1308:4:uint8_t construct_msg_20(unsigned char*, unsigned char*)	640	dynamic,bounded
client/GUI_Code/../Network_Code/TCP_client.h:1485:4:uint8_t process_msg_20(uint8_t*, uint64_t)	448	dynamic,bounded
client/GUI_Code/../Network_Code/TCP_client.h:1695:4:uint8_t process_msg_21(uint8_t*)	896	dynamic,bounded
client/GUI_Code/../Network_Code/TCP_client.h:1874:4:uint8_t construct_msg_30(unsigned char*, uint64_t)	496	dynamic,bounded
client/GUI_Code/../Network_Code/TCP_client.h:2072:4:uint8_t process_msg_30(uint8_t*, uint8_t*, uint64_t)	544	dynamic,bounded
client/GUI_Code/../Network_Code/TCP_client.h:2334:4:uint8_t construct_msg_40()	320	dynamic,bounded
client/GUI_Code/../Network_Code/TCP_client.h:2390:4:uint8_t process_msg_40(uint8_t*)	16	static
client/GUI_Code/../Network_Code/TCP_client.h:2423:4:uint8_t process_msg_50(uint8_t*)	80	static
client/GUI_Code/../Network_Code/TCP_client.h:2510:4:uint8_t construct_msg_50()	352	dynamic,bounded
client/GUI_Code/../Network_Code/TCP_client.h:2595:4:uint8_t process_msg_51(uint8_t*)	48	static
client/GUI_Code/../Network_Code/TCP_client.h:2652:4:uint8_t construct_msg_60()	320	dynamic,bounded
client/GUI_Code/../Network_Code/TCP_client.h:2700:4:uint8_t reg(uint8_t*, int)	1520	dynamic,bounded
client/GUI_Code/../Network_Code/TCP_client.h:2936:4:uint8_t login(uint8_t*, int)	1264	static
/usr/local/include/wx-3.2/wx/buffer.h:202:10:void wxScopedCharTypeBuffer<T>::DecRef() [with T = char]	32	static
/usr/local/include/wx-3.2/wx/buffer.h:202:10:void wxScopedCharTypeBuffer<T>::DecRef() [with T = wchar_t]	32	static
/usr/local/include/wx-3.2/wx/string.h:1212:3:wxString::wxString(const char*)	224	static
client/GUI_Code/cMain.cpp:19:1:cMain::cMain()	2960	dynamic,bounded
client/GUI_Code/cMain.cpp:307:6:void cMain::BtnClickLoginBack(wxCommandEvent&)	304	static
client/GUI_Code/cMain.cpp:404:6:void cMain::BtnClickRegBack(wxCommandEvent&)	304	static
client/GUI_Code/cMain.cpp:250:6:void cMain::BtnClickLoginGo(wxCommandEvent&)	1152	static
client/GUI_Code/cMain.cpp:339:6:void cMain::BtnClickRegGo(wxCommandEvent&)	1152	static
client/GUI_Code/cMain.cpp:420:1:cpp)	48	static
client/GUI_Code/cMain.cpp:420:1:_sub_D_00099_0	8	static
client/GUI_Code/cMain.cpp:420:1:_sub_I_00099_1	16	static
